// Jest Snapshot v1, https://goo.gl/fbAQLP

exports[`<Button /> should render correctly in the document 1`] = `
.c0 {
  border: none;
  background: #ff5824;
  color: #fff;
  padding: 8px 16px;
  border-radius: 4px;
  -webkit-transition: background-color linear 0.2s;
  transition: background-color linear 0.2s;
}

.c0:hover {
  background: #ff6333;
}

<button
  class="c0"
  title="Same title"
>
  Same Text
</button>
`;
