// Jest Snapshot v1, https://goo.gl/fbAQLP

exports[`<Input /> should render correctly in the document 1`] = `
.c0 {
  display: -webkit-box;
  display: -webkit-flex;
  display: -ms-flexbox;
  display: flex;
  -webkit-flex: 1;
  -ms-flex: 1;
  flex: 1;
  border-bottom: 1px solid #ddd;
  width: 100%;
}

.c1 {
  width: 100%;
  border: 0;
  background-color: transparent;
  outline: 0;
  padding: 8px 8px 8px 0;
  font-size: 12px;
  color: #fff;
}

.c1::-webkit-input-placeholder {
  color: #ddd;
}

.c1::-moz-placeholder {
  color: #ddd;
}

.c1:-ms-input-placeholder {
  color: #ddd;
}

.c1::placeholder {
  color: #ddd;
}

<div
  class="c0"
  data-testid="input-container"
>
  <input
    class="c1"
    placeholder="same placeholder"
    value=""
  />
</div>
`;
